?   	medics-health-check/backend	[no test files]
?   	medics-health-check/backend/cmd/healthops	[no test files]
?   	medics-health-check/backend/cmd/loadtest	[no test files]
?   	medics-health-check/backend/cmd/rotate-ai-keys	[no test files]
?   	medics-health-check/backend/internal/httpx	[no test files]
[TEST] 2026/05/16 08:20:20 [ALERT] fired: Rule: Test Rule | Check: Test Check | Status: critical | Duration: 100ms (Rule: Test Rule, Check: Test Check, Severity: warning)
[AUDIT] 2026/05/16 08:20:20 audit-fc2a720a4fb3601a: check.created admin check/check-001
[AUDIT] 2026/05/16 08:20:20 audit-904ad6ea51ef4835: check.updated user1 check/check-002
[AUDIT] 2026/05/16 08:20:20 audit-944013524cbdfe10: check.deleted admin check/check-003
2026/05/16 08:20:20 Incident acknowledged: incident-1 by admin
2026/05/16 08:20:20 Incident resolved: incident-1 by ops-team
2026/05/16 08:20:20 audit-039006e02f230eaa: check.created testuser check/test-fail-1
2026/05/16 08:20:20 [ALERT] fired: Rule: Fail Check Rule | Check: test-fail-1 | Status: critical | Details: Get "http://localhost:9999/nonexistent": dial tcp [::1]:9999: connect: connection refused | Duration: 2ms (Rule: Fail Check Rule, Check: test-fail-1, Severity: critical)
2026/05/16 08:20:20 [ALERT] fired: Rule: Cooldown Test Rule | Check: test-fail-1 | Status: critical | Details: Get "http://localhost:9999/nonexistent": dial tcp [::1]:9999: connect: connection refused | Duration: 2ms (Rule: Cooldown Test Rule, Check: test-fail-1, Severity: critical)
2026/05/16 08:20:20 single check run: 2 alerts triggered
2026/05/16 08:20:20 Incident created: test-fail-1-1778899820 for check test-fail-1 (critical)
2026/05/16 08:20:21 Incident acknowledged: test-fail-1-1778899820 by testuser
2026/05/16 08:20:21 audit-97e5ad18f3152628: incident.acknowledged testuser incident/test-fail-1-1778899820
2026/05/16 08:20:21 Incident resolved: test-fail-1-1778899820 by testuser
2026/05/16 08:20:21 audit-2328ace6f165bbdb: incident.resolved testuser incident/test-fail-1-1778899820
2026/05/16 08:20:21 audit-77f8477bf011760b: check.created testuser check/test-dedupe
2026/05/16 08:20:21 [ALERT] fired: Rule: Fail Check Rule | Check: test-dedupe | Status: critical | Details: Get "http://localhost:9999/nonexistent": dial tcp [::1]:9999: connect: connection refused (Rule: Fail Check Rule, Check: test-dedupe, Severity: critical)
2026/05/16 08:20:21 [ALERT] fired: Rule: Cooldown Test Rule | Check: test-dedupe | Status: critical | Details: Get "http://localhost:9999/nonexistent": dial tcp [::1]:9999: connect: connection refused (Rule: Cooldown Test Rule, Check: test-dedupe, Severity: critical)
2026/05/16 08:20:21 single check run: 2 alerts triggered
2026/05/16 08:20:21 Incident created: test-dedupe-1778899821 for check test-dedupe (critical)
2026/05/16 08:20:21 single check run: 0 alerts triggered
2026/05/16 08:20:21 single check run: 0 alerts triggered
2026/05/16 08:20:21 single check run: 0 alerts triggered
2026/05/16 08:20:21 audit-ce12875c212e8b4b: check.created testuser check/test-cooldown
2026/05/16 08:20:21 single check run: 1 alerts triggered
2026/05/16 08:20:21 Incident created: test-cooldown-1778899821 for check test-cooldown (critical)
2026/05/16 08:20:21 single check run: 1 alerts triggered
2026/05/16 08:20:21 audit-9ed238d1a3e46983: check.created testuser check/test-cooldown-2
2026/05/16 08:20:21 [ALERT] fired: Rule: Fail Check Rule | Check: test-cooldown-2 | Status: critical | Details: Get "http://localhost:9999/nonexistent": dial tcp [::1]:9999: connect: connection refused (Rule: Fail Check Rule, Check: test-cooldown-2, Severity: critical)
2026/05/16 08:20:21 [ALERT] fired: Rule: Cooldown Test Rule | Check: test-cooldown-2 | Status: critical | Details: Get "http://localhost:9999/nonexistent": dial tcp [::1]:9999: connect: connection refused (Rule: Cooldown Test Rule, Check: test-cooldown-2, Severity: critical)
2026/05/16 08:20:21 single check run: 2 alerts triggered
2026/05/16 08:20:21 Incident created: test-cooldown-2-1778899821 for check test-cooldown-2 (critical)
2026/05/16 08:20:21 single check run: 0 alerts triggered
2026/05/16 08:20:21 audit-e494738ba6d3d359: check.created testuser check/test-recovery
2026/05/16 08:20:21 [ALERT] fired: Rule: Fail Check Rule | Check: test-recovery | Status: critical | Details: Get "http://localhost:9999/nonexistent": dial tcp [::1]:9999: connect: connection refused (Rule: Fail Check Rule, Check: test-recovery, Severity: critical)
2026/05/16 08:20:21 [ALERT] fired: Rule: Cooldown Test Rule | Check: test-recovery | Status: critical | Details: Get "http://localhost:9999/nonexistent": dial tcp [::1]:9999: connect: connection refused (Rule: Cooldown Test Rule, Check: test-recovery, Severity: critical)
2026/05/16 08:20:21 single check run: 2 alerts triggered
2026/05/16 08:20:21 Incident created: test-recovery-1778899821 for check test-recovery (critical)
2026/05/16 08:20:21 audit-8eed61bde08c0780: check.updated testuser check/test-recovery
2026/05/16 08:20:21 single check run: 0 alerts triggered
2026/05/16 08:20:21 Incident resolved: test-recovery-1778899821 by system
2026/05/16 08:20:21 audit-f28b7736d0ce643b: check.created testuser check/test-audit
2026/05/16 08:20:21 audit-0ee41d6a5a83358d: check.updated testuser check/test-audit
2026/05/16 08:20:21 [ALERT] fired: Rule: Fail Check Rule | Check: Updated Check Name | Status: critical | Details: Get "http://localhost:9999/nonexistent": dial tcp [::1]:9999: connect: connection refused (Rule: Fail Check Rule, Check: Updated Check Name, Severity: critical)
2026/05/16 08:20:21 [ALERT] fired: Rule: Cooldown Test Rule | Check: Updated Check Name | Status: critical | Details: Get "http://localhost:9999/nonexistent": dial tcp [::1]:9999: connect: connection refused (Rule: Cooldown Test Rule, Check: Updated Check Name, Severity: critical)
2026/05/16 08:20:21 single check run: 2 alerts triggered
2026/05/16 08:20:21 Incident created: test-audit-1778899821 for check test-audit (critical)
2026/05/16 08:20:22 Incident acknowledged: test-audit-1778899821 by testuser
2026/05/16 08:20:22 audit-6d16e262ee45b13b: incident.acknowledged testuser incident/test-audit-1778899821
2026/05/16 08:20:22 Incident resolved: test-audit-1778899821 by testuser
2026/05/16 08:20:22 audit-59aaf438b420c244: incident.resolved testuser incident/test-audit-1778899821
2026/05/16 08:20:22 audit-3dcf79b54e333c41: check.created testuser check/test-auth
2026/05/16 08:20:22 audit-82583cecd1f5a124: check.created testuser check/test-concurrent-1
2026/05/16 08:20:22 audit-6c2dc9a136a2d371: check.created testuser check/test-concurrent-2
2026/05/16 08:20:22 audit-7fd99b56750c5fd1: check.created testuser check/test-concurrent-3
2026/05/16 08:20:22 [ALERT] fired: Rule: Fail Check Rule | Check: test-concurrent-1 | Status: critical | Details: Get "http://localhost:9999/nonexistent": dial tcp [::1]:9999: connect: connection refused (Rule: Fail Check Rule, Check: test-concurrent-1, Severity: critical)
2026/05/16 08:20:22 [ALERT] fired: Rule: Cooldown Test Rule | Check: test-concurrent-1 | Status: critical | Details: Get "http://localhost:9999/nonexistent": dial tcp [::1]:9999: connect: connection refused (Rule: Cooldown Test Rule, Check: test-concurrent-1, Severity: critical)
2026/05/16 08:20:22 single check run: 2 alerts triggered
2026/05/16 08:20:22 Incident created: test-concurrent-1-1778899822 for check test-concurrent-1 (critical)
2026/05/16 08:20:22 [ALERT] fired: Rule: Fail Check Rule | Check: test-concurrent-2 | Status: critical | Details: Get "http://localhost:9999/nonexistent": dial tcp [::1]:9999: connect: connection refused (Rule: Fail Check Rule, Check: test-concurrent-2, Severity: critical)
2026/05/16 08:20:22 [ALERT] fired: Rule: Cooldown Test Rule | Check: test-concurrent-2 | Status: critical | Details: Get "http://localhost:9999/nonexistent": dial tcp [::1]:9999: connect: connection refused (Rule: Cooldown Test Rule, Check: test-concurrent-2, Severity: critical)
2026/05/16 08:20:22 single check run: 2 alerts triggered
2026/05/16 08:20:22 Incident created: test-concurrent-2-1778899822 for check test-concurrent-2 (critical)
2026/05/16 08:20:22 [ALERT] fired: Rule: Fail Check Rule | Check: test-concurrent-3 | Status: critical | Details: Get "http://localhost:9999/nonexistent": dial tcp [::1]:9999: connect: connection refused (Rule: Fail Check Rule, Check: test-concurrent-3, Severity: critical)
2026/05/16 08:20:22 [ALERT] fired: Rule: Cooldown Test Rule | Check: test-concurrent-3 | Status: critical | Details: Get "http://localhost:9999/nonexistent": dial tcp [::1]:9999: connect: connection refused (Rule: Cooldown Test Rule, Check: test-concurrent-3, Severity: critical)
2026/05/16 08:20:22 single check run: 2 alerts triggered
2026/05/16 08:20:22 Incident created: test-concurrent-3-1778899822 for check test-concurrent-3 (critical)
2026/05/16 08:20:22 Incident resolved: test-concurrent-1-1778899822 by testuser
2026/05/16 08:20:22 audit-e2ce7ea8896d9f3d: incident.resolved testuser incident/test-concurrent-1-1778899822
2026/05/16 08:20:22 Incident resolved: test-concurrent-2-1778899822 by testuser
2026/05/16 08:20:22 audit-62fd27b52678ff43: incident.resolved testuser incident/test-concurrent-2-1778899822
2026/05/16 08:20:22 Incident resolved: test-concurrent-3-1778899822 by testuser
2026/05/16 08:20:22 audit-6e45a690a9978ddf: incident.resolved testuser incident/test-concurrent-3-1778899822
2026/05/16 08:20:22 audit-906da9f37326cf46: check.created testuser check/test-transitions
2026/05/16 08:20:22 [ALERT] fired: Rule: Fail Check Rule | Check: test-transitions | Status: critical | Details: Get "http://localhost:9999/nonexistent": dial tcp [::1]:9999: connect: connection refused (Rule: Fail Check Rule, Check: test-transitions, Severity: critical)
2026/05/16 08:20:22 [ALERT] fired: Rule: Cooldown Test Rule | Check: test-transitions | Status: critical | Details: Get "http://localhost:9999/nonexistent": dial tcp [::1]:9999: connect: connection refused (Rule: Cooldown Test Rule, Check: test-transitions, Severity: critical)
2026/05/16 08:20:22 single check run: 2 alerts triggered
2026/05/16 08:20:22 Incident created: test-transitions-1778899822 for check test-transitions (critical)
2026/05/16 08:20:22 Incident acknowledged: test-transitions-1778899822 by testuser
2026/05/16 08:20:22 audit-aac9c98ec0e82840: incident.acknowledged testuser incident/test-transitions-1778899822
2026/05/16 08:20:22 Incident resolved: test-transitions-1778899822 by testuser
2026/05/16 08:20:22 audit-2ee875e591fd0cf0: incident.resolved testuser incident/test-transitions-1778899822
2026/05/16 08:20:22 audit-a153106817884373: check.created testuser check/test-escalation
2026/05/16 08:20:22 single check run: 1 alerts triggered
2026/05/16 08:20:22 Incident created: test-escalation-1778899822 for check test-escalation (critical)
2026/05/16 08:20:22 Incident created: check-1-1778899822 for check check-1 (critical)
2026/05/16 08:20:22 Incident created: check-1-1778899822 for check check-1 (warning)
2026/05/16 08:20:22 Incident created: check-1-1778899822 for check check-1 (critical)
2026/05/16 08:20:22 Incident resolved: check-1-1778899822 by test-user
2026/05/16 08:20:22 Incident created: check-1-1778899822 for check check-1 (critical)
2026/05/16 08:20:22 Incident acknowledged: check-1-1778899822 by user1
2026/05/16 08:20:22 Incident resolved: check-1-1778899822 by user2
2026/05/16 08:20:22 Incident created: check-1-1778899822 for check check-1 (critical)
2026/05/16 08:20:22 Incident resolved: check-1-1778899822 by admin
2026/05/16 08:20:22 Incident created: check-1-1778899822 for check check-1 (critical)
2026/05/16 08:20:22 Incident resolved: check-1-1778899822 by admin
2026/05/16 08:20:22 Incident created: check-1-1778899822 for check check-1 (critical)
2026/05/16 08:20:22 Incident resolved: check-1-1778899822 by admin
2026/05/16 08:20:22 Incident created: check-1-1778899822 for check check-1 (critical)
2026/05/16 08:20:22 Incident resolved: check-1-1778899822 by system
2026/05/16 08:20:22 Incident created: check-1-1778899822 for check check-1 (critical)
2026/05/16 08:20:22 Incident created: check-2-1778899822 for check check-2 (warning)
2026/05/16 08:20:22 Incident created: check-3-1778899822 for check check-3 (critical)
2026/05/16 08:20:22 Incident resolved: check-1-1778899822 by admin
2026/05/16 08:20:28 httptest.Server blocked in Close after 5 seconds, waiting for connections:
  *net.TCPConn 0xc000380060 127.0.0.1:49681 in state active
2026/05/16 08:20:37 httptest.Server blocked in Close after 5 seconds, waiting for connections:
  *net.TCPConn 0xc000002120 127.0.0.1:49736 in state active
2026/05/16 08:20:42 scheduler started with 2 checks
2026/05/16 08:20:43 check fast-check failed on attempt 1: unexpected status code 404
2026/05/16 08:20:43 check slow-check failed on attempt 1: unexpected status code 404
2026/05/16 08:20:44 check fast-check failed on attempt 1: unexpected status code 404
2026/05/16 08:20:45 check fast-check failed on attempt 1: unexpected status code 404
2026/05/16 08:20:45 scheduler stopped
2026/05/16 08:20:45 scheduler started with 1 checks
2026/05/16 08:20:46 check default-check failed on attempt 1: unexpected status code 404
2026/05/16 08:20:47 scheduler stopped
2026/05/16 08:20:47 scheduler started with 1 checks
2026/05/16 08:20:47 check no-retry failed on attempt 1: Get "http://invalid.example.com": dial tcp: lookup invalid.example.com: no such host
2026/05/16 08:20:49 scheduler stopped
2026/05/16 08:20:49 scheduler started with 1 checks
2026/05/16 08:20:49 check with-retry failed on attempt 1: Get "http://invalid.example.com": dial tcp: lookup invalid.example.com: no such host
2026/05/16 08:20:49 retry attempt 1/2 for check with-retry after 1s
2026/05/16 08:20:50 check with-retry failed on attempt 2: Get "http://invalid.example.com": dial tcp: lookup invalid.example.com: no such host
2026/05/16 08:20:50 retry attempt 2/2 for check with-retry after 1s
2026/05/16 08:20:51 check with-retry failed on attempt 3: Get "http://invalid.example.com": dial tcp: lookup invalid.example.com: no such host
2026/05/16 08:20:53 scheduler stopped
2026/05/16 08:20:53 scheduler started with 1 checks
2026/05/16 08:20:53 check cooldown-check failed on attempt 1: Get "http://invalid.example.com": dial tcp: lookup invalid.example.com: no such host
2026/05/16 08:20:53 retry attempt 1/1 for check cooldown-check after 1s
2026/05/16 08:20:54 check cooldown-check failed on attempt 2: Get "http://invalid.example.com": dial tcp: lookup invalid.example.com: no such host
2026/05/16 08:20:54 check cooldown-check in cooldown until 2026-05-16 08:20:59.994657 +0530 IST m=+39.154020668 after 2 failed attempts
2026/05/16 08:21:00 check cooldown-check failed on attempt 1: Get "http://invalid.example.com": dial tcp: lookup invalid.example.com: no such host
2026/05/16 08:21:00 retry attempt 1/1 for check cooldown-check after 1s
2026/05/16 08:21:01 check cooldown-check failed on attempt 2: Get "http://invalid.example.com": dial tcp: lookup invalid.example.com: no such host
2026/05/16 08:21:01 check cooldown-check in cooldown until 2026-05-16 08:21:06.006276 +0530 IST m=+45.165628376 after 2 failed attempts
2026/05/16 08:21:03 scheduler stopped
2026/05/16 08:21:03 scheduler started with 1 checks
2026/05/16 08:21:04 check shutdown-check failed on attempt 1: unexpected status code 200
2026/05/16 08:21:04 scheduler stopped
2026/05/16 08:21:04 scheduler started with 1 checks
2026/05/16 08:21:04 scheduler stopped
2026/05/16 08:21:04 scheduler started with 1 checks
2026/05/16 08:21:04 check enabled-check failed on attempt 1: unexpected status code 404
2026/05/16 08:21:05 check enabled-check failed on attempt 1: unexpected status code 404
2026/05/16 08:21:06 scheduler stopped
2026/05/16 08:21:06 scheduler started with 1 checks
==================
WARNING: DATA RACE
Write at 0x00c00023b8c0 by goroutine 1257:
  medics-health-check/backend/internal/monitoring.(*mockStore).UpsertCheck()
      /Users/gangadharreddy/Documents/GitHub/healthops/backend/internal/monitoring/scheduler_test.go:62 +0x18c
  medics-health-check/backend/internal/monitoring.TestCheckScheduler_ConcurrentAccess.func2()
      /Users/gangadharreddy/Documents/GitHub/healthops/backend/internal/monitoring/scheduler_test.go:543 +0x104
  medics-health-check/backend/internal/monitoring.TestCheckScheduler_ConcurrentAccess.gowrap2()
      /Users/gangadharreddy/Documents/GitHub/healthops/backend/internal/monitoring/scheduler_test.go:544 +0x38

Previous read at 0x00c00023b8c0 by goroutine 1251:
  medics-health-check/backend/internal/monitoring.(*CheckScheduler).getEnabledChecks()
      /Users/gangadharreddy/Documents/GitHub/healthops/backend/internal/monitoring/scheduler.go:309 +0x100
  medics-health-check/backend/internal/monitoring.(*CheckScheduler).rescheduleAll()
      /Users/gangadharreddy/Documents/GitHub/healthops/backend/internal/monitoring/scheduler.go:140 +0x12c
  medics-health-check/backend/internal/monitoring.(*CheckScheduler).RescheduleAll()
      /Users/gangadharreddy/Documents/GitHub/healthops/backend/internal/monitoring/scheduler.go:106 +0x88
  medics-health-check/backend/internal/monitoring.TestCheckScheduler_ConcurrentAccess.func1()
      /Users/gangadharreddy/Documents/GitHub/healthops/backend/internal/monitoring/scheduler_test.go:526 +0x68

Goroutine 1257 (running) created at:
  medics-health-check/backend/internal/monitoring.TestCheckScheduler_ConcurrentAccess()
      /Users/gangadharreddy/Documents/GitHub/healthops/backend/internal/monitoring/scheduler_test.go:533 +0x590
  testing.tRunner()
      /opt/homebrew/Cellar/go/1.26.2/libexec/src/testing/testing.go:2036 +0x164
  testing.(*T).Run.gowrap1()
      /opt/homebrew/Cellar/go/1.26.2/libexec/src/testing/testing.go:2101 +0x34

Goroutine 1251 (finished) created at:
  medics-health-check/backend/internal/monitoring.TestCheckScheduler_ConcurrentAccess()
      /Users/gangadharreddy/Documents/GitHub/healthops/backend/internal/monitoring/scheduler_test.go:524 +0x4b8
  testing.tRunner()
      /opt/homebrew/Cellar/go/1.26.2/libexec/src/testing/testing.go:2036 +0x164
  testing.(*T).Run.gowrap1()
      /opt/homebrew/Cellar/go/1.26.2/libexec/src/testing/testing.go:2101 +0x34
==================
2026/05/16 08:21:06 check concurrent-check failed on attempt 1: Get "http://example.com/updated": context canceled
2026/05/16 08:21:06 check concurrent-check failed on attempt 1: Get "http://example.com": context canceled
2026/05/16 08:21:06 check concurrent-check failed on attempt 1: Get "http://example.com/updated": context canceled
2026/05/16 08:21:06 check concurrent-check failed on attempt 1: Get "http://example.com/updated": context canceled
2026/05/16 08:21:06 check concurrent-check failed on attempt 1: Get "http://example.com/updated": context canceled
2026/05/16 08:21:06 check concurrent-check failed on attempt 1: Get "http://example.com": context canceled
2026/05/16 08:21:06 check concurrent-check failed on attempt 1: Get "http://example.com/updated": context canceled
2026/05/16 08:21:06 check concurrent-check failed on attempt 1: Get "http://example.com/updated": context canceled
2026/05/16 08:21:06 check concurrent-check failed on attempt 1: Get "http://example.com/updated": context canceled
2026/05/16 08:21:06 check concurrent-check failed on attempt 1: Get "http://example.com/updated": context canceled
2026/05/16 08:21:06 check concurrent-check failed on attempt 1: Get "http://example.com": context canceled
2026/05/16 08:21:06 scheduler stopped
--- FAIL: TestCheckScheduler_ConcurrentAccess (0.00s)
    testing.go:1712: race detected during execution of test
FAIL
FAIL	medics-health-check/backend/internal/monitoring	46.903s
ok  	medics-health-check/backend/internal/monitoring/ai	2.480s
ok  	medics-health-check/backend/internal/monitoring/ai/repositories	2.101s
ok  	medics-health-check/backend/internal/monitoring/mysql	1.473s
ok  	medics-health-check/backend/internal/monitoring/notify	2.016s
--- FAIL: TestMongoUserRepository (5.56s)
    --- FAIL: TestMongoUserRepository/DeleteUser (0.00s)
        mongo_user_repository_test.go:179: Delete failed: user not found
FAIL
FAIL	medics-health-check/backend/internal/monitoring/repositories	6.439s
?   	medics-health-check/backend/internal/util/jsonl	[no test files]
?   	medics-health-check/backend/internal/util/mongotest	[no test files]
FAIL
